// Jest Snapshot v1, https://goo.gl/fbAQLP

exports[`UserProfile matches snapshot 1`] = `
<div>
  <div
    class="pf-v6-c-card"
    data-ouia-component-id="OUIA-Generated-Card-3"
    data-ouia-component-type="PF6/Card"
    data-ouia-safe="true"
    id=""
  >
    <div
      class="pf-v6-c-card__body"
    >
      <div
        class="pf-v6-c-content"
      >
        <h2
          class=""
        >
          Snapshot Test
        </h2>
        <p
          class=""
        >
          QA Engineer
        </p>
        <small
          class=""
        >
          qa@example.com
        </small>
      </div>
    </div>
  </div>
</div>
`;
